Change Dir: 'C:/Users/jason/playground/lite3_service/build'

Run Build Command(s): "C:/Program Files (x86)/Microsoft Visual Studio/2019/BuildTools/MSBuild/Current/Bin/MSBuild.exe" ALL_BUILD.vcxproj /p:Configuration=Release /p:Platform=x64 /p:VisualStudioVersion=16.0 /v:n
Microsoft (R) Build Engine version 16.11.6+a918ceb31 for .NET Framework
Copyright (C) Microsoft Corporation. All rights reserved.

Build started 1/19/2026 4:17:32 PM.
Project "C:\Users\jason\playground\lite3_service\build\ALL_BUILD.vcxproj" on node 1 (default targets).
Project "C:\Users\jason\playground\lite3_service\build\ALL_BUILD.vcxproj" (1) is building "C:\Users\jason\playground\lite3_service\build\ZERO_CHECK.vcxproj" (2) on node 1 (default targets).
InitializeBuildStatus:
  Creating "x64\Release\ZERO_CHECK\ZERO_CHECK.tlog\unsuccessfulbuild" because "AlwaysCreate" was specified.
CustomBuild:
  All outputs are up-to-date.
FinalizeBuildStatus:
  Deleting file "x64\Release\ZERO_CHECK\ZERO_CHECK.tlog\unsuccessfulbuild".
  Touching "x64\Release\ZERO_CHECK\ZERO_CHECK.tlog\ZERO_CHECK.lastbuildstate".
Done Building Project "C:\Users\jason\playground\lite3_service\build\ZERO_CHECK.vcxproj" (default targets).
Project "C:\Users\jason\playground\lite3_service\build\ALL_BUILD.vcxproj" (1) is building "C:\Users\jason\playground\lib\libconveyor\build\conveyor.vcxproj" (3) on node 1 (default targets).
InitializeBuildStatus:
  Creating "conveyor.dir\Release\conveyor.tlog\unsuccessfulbuild" because "AlwaysCreate" was specified.
CustomBuild:
  All outputs are up-to-date.
ClCompile:
  All outputs are up-to-date.
Lib:
  All outputs are up-to-date.
  conveyor.vcxproj -> C:\Users\jason\playground\lib\libconveyor\build\Release\conveyor.lib
FinalizeBuildStatus:
  Deleting file "conveyor.dir\Release\conveyor.tlog\unsuccessfulbuild".
  Touching "conveyor.dir\Release\conveyor.tlog\conveyor.lastbuildstate".
Done Building Project "C:\Users\jason\playground\lib\libconveyor\build\conveyor.vcxproj" (default targets).
Project "C:\Users\jason\playground\lite3_service\build\ALL_BUILD.vcxproj" (1) is building "C:\Users\jason\playground\lite3_service\build\_deps\gtest-build\googlemock\gmock.vcxproj" (4) on node 1 (default targets).
InitializeBuildStatus:
  Creating "gmock.dir\Release\gmock.tlog\unsuccessfulbuild" because "AlwaysCreate" was specified.
CustomBuild:
  All outputs are up-to-date.
ClCompile:
  All outputs are up-to-date.
Lib:
  All outputs are up-to-date.
  gmock.vcxproj -> C:\Users\jason\playground\lite3_service\build\lib\Release\gmock.lib
FinalizeBuildStatus:
  Deleting file "gmock.dir\Release\gmock.tlog\unsuccessfulbuild".
  Touching "gmock.dir\Release\gmock.tlog\gmock.lastbuildstate".
Done Building Project "C:\Users\jason\playground\lite3_service\build\_deps\gtest-build\googlemock\gmock.vcxproj" (default targets).
Project "C:\Users\jason\playground\lite3_service\build\ALL_BUILD.vcxproj" (1) is building "C:\Users\jason\playground\lite3_service\build\_deps\gtest-build\googlemock\gmock_main.vcxproj" (5) on node 1 (default targets).
InitializeBuildStatus:
  Creating "gmock_main.dir\Release\gmock_main.tlog\unsuccessfulbuild" because "AlwaysCreate" was specified.
CustomBuild:
  All outputs are up-to-date.
ClCompile:
  All outputs are up-to-date.
Lib:
  All outputs are up-to-date.
  gmock_main.vcxproj -> C:\Users\jason\playground\lite3_service\build\lib\Release\gmock_main.lib
FinalizeBuildStatus:
  Deleting file "gmock_main.dir\Release\gmock_main.tlog\unsuccessfulbuild".
  Touching "gmock_main.dir\Release\gmock_main.tlog\gmock_main.lastbuildstate".
Done Building Project "C:\Users\jason\playground\lite3_service\build\_deps\gtest-build\googlemock\gmock_main.vcxproj" (default targets).
Project "C:\Users\jason\playground\lite3_service\build\ALL_BUILD.vcxproj" (1) is building "C:\Users\jason\playground\lite3_service\build\_deps\gtest-build\googletest\gtest.vcxproj" (6) on node 1 (default targets).
InitializeBuildStatus:
  Creating "gtest.dir\Release\gtest.tlog\unsuccessfulbuild" because "AlwaysCreate" was specified.
CustomBuild:
  All outputs are up-to-date.
ClCompile:
  All outputs are up-to-date.
Lib:
  All outputs are up-to-date.
  gtest.vcxproj -> C:\Users\jason\playground\lite3_service\build\lib\Release\gtest.lib
FinalizeBuildStatus:
  Deleting file "gtest.dir\Release\gtest.tlog\unsuccessfulbuild".
  Touching "gtest.dir\Release\gtest.tlog\gtest.lastbuildstate".
Done Building Project "C:\Users\jason\playground\lite3_service\build\_deps\gtest-build\googletest\gtest.vcxproj" (default targets).
Project "C:\Users\jason\playground\lite3_service\build\ALL_BUILD.vcxproj" (1) is building "C:\Users\jason\playground\lite3_service\build\_deps\gtest-build\googletest\gtest_main.vcxproj" (7) on node 1 (default targets).
InitializeBuildStatus:
  Creating "gtest_main.dir\Release\gtest_main.tlog\unsuccessfulbuild" because "AlwaysCreate" was specified.
CustomBuild:
  All outputs are up-to-date.
ClCompile:
  All outputs are up-to-date.
Lib:
  All outputs are up-to-date.
  gtest_main.vcxproj -> C:\Users\jason\playground\lite3_service\build\lib\Release\gtest_main.lib
FinalizeBuildStatus:
  Deleting file "gtest_main.dir\Release\gtest_main.tlog\unsuccessfulbuild".
  Touching "gtest_main.dir\Release\gtest_main.tlog\gtest_main.lastbuildstate".
Done Building Project "C:\Users\jason\playground\lite3_service\build\_deps\gtest-build\googletest\gtest_main.vcxproj" (default targets).
Project "C:\Users\jason\playground\lite3_service\build\ALL_BUILD.vcxproj" (1) is building "C:\Users\jason\playground\lite3_service\build\l3svc.vcxproj" (8) on node 1 (default targets).
Project "C:\Users\jason\playground\lite3_service\build\l3svc.vcxproj" (8) is building "C:\Users\jason\playground\lib\lite3-cpp\build\lite3-cpp.vcxproj" (9) on node 1 (default targets).
InitializeBuildStatus:
  Creating "lite3-cpp.dir\Release\lite3-cpp.tlog\unsuccessfulbuild" because "AlwaysCreate" was specified.
CustomBuild:
  All outputs are up-to-date.
ClCompile:
  All outputs are up-to-date.
  All outputs are up-to-date.
Lib:
  All outputs are up-to-date.
  lite3-cpp.vcxproj -> C:\Users\jason\playground\lib\lite3-cpp\build\Release\lite3-cpp.lib
FinalizeBuildStatus:
  Deleting file "lite3-cpp.dir\Release\lite3-cpp.tlog\unsuccessfulbuild".
  Touching "lite3-cpp.dir\Release\lite3-cpp.tlog\lite3-cpp.lastbuildstate".
Done Building Project "C:\Users\jason\playground\lib\lite3-cpp\build\lite3-cpp.vcxproj" (default targets).
InitializeBuildStatus:
  Touching "l3svc.dir\Release\l3svc.tlog\unsuccessfulbuild".
CustomBuild:
  All outputs are up-to-date.
ClCompile:
  C:\Program Files (x86)\Microsoft Visual Studio\2019\BuildTools\VC\Tools\MSVC\14.29.30133\bin\HostX64\x64\CL.exe /c /IC:\Users\jason\playground\lite3_service\src /I"C:\Users\jason\playground\lite3_service\..\lib\lite3-cpp\include" /IC:\Users\jason\playground\lite3_service\..\lib\libconveyor\include /I"C:\Users\jason\playground\lite3_service\..\lib\lite3-cpp\include\utils" /IC:\Users\jason\playground\lite3_service\..\lib\yyjson\src /IC:\Users\jason\playground\lite3_service\..\lib\boost_1_89_0 /I"C:\Users\jason\playground\lib\lite3-cpp\include" /I"C:\Users\jason\playground\lib\lite3-cpp\include\utils" /IC:\Users\jason\playground\lib\yyjson\src /IC:\Users\jason\playground\lib\libconveyor\include /nologo /W1 /WX- /diagnostics:column /O2 /Ob2 /D _MBCS /D WIN32 /D _WINDOWS /D NDEBUG /D _WIN32_WINNT=0x0A00 /D "CMAKE_INTDIR=\"Release\"" /EHsc /MD /std:c++20 /Fo"l3svc.dir\Release\\" /Fd"l3svc.dir\Release\vc142.pdb" /external:W1 /TP /errorReport:queue C:\Users\jason\playground\lite3_service\src\main.cpp C:\Users\jason\playground\lite3_service\src\http\http_server.cpp
  main.cpp
C:\Users\jason\playground\lite3_service\..\lib\boost_1_89_0\boost/asio/detail/socket_types.hpp(24,1): fatal error C1189: #error:  WinSock.h has already been included [C:\Users\jason\playground\lite3_service\build\l3svc.vcxproj]
  http_server.cpp
C:\Users\jason\playground\lite3_service\src\http\http_server.hpp(31,8): error C2039: 'signal_set': is not a member of 'boost::asio' [C:\Users\jason\playground\lite3_service\build\l3svc.vcxproj]
C:\Users\jason\playground\lite3_service\..\lib\boost_1_89_0\boost/asio/windows/overlapped_ptr.hpp(30): message : see declaration of 'boost::asio' [C:\Users\jason\playground\lite3_service\build\l3svc.vcxproj]
C:\Users\jason\playground\lite3_service\src\http\http_server.hpp(31,19): error C3646: 'signals_': unknown override specifier [C:\Users\jason\playground\lite3_service\build\l3svc.vcxproj]
C:\Users\jason\playground\lite3_service\src\http\http_server.hpp(31,27): error C4430: missing type specifier - int assumed. Note: C++ does not support default-int [C:\Users\jason\playground\lite3_service\build\l3svc.vcxproj]
C:\Users\jason\playground\lite3_service\src\http\http_server.cpp(123,1): error C2027: use of undefined type 'http_server::Engine' [C:\Users\jason\playground\lite3_service\build\l3svc.vcxproj]
C:\Users\jason\playground\lite3_service\src\http\http_server.hpp(16): message : see declaration of 'http_server::Engine' [C:\Users\jason\playground\lite3_service\build\l3svc.vcxproj]
C:\Users\jason\playground\lite3_service\src\http\http_server.cpp(126,1): error C3536: 'wal_stats': cannot be used before it is initialized [C:\Users\jason\playground\lite3_service\build\l3svc.vcxproj]
C:\Users\jason\playground\lite3_service\src\http\http_server.cpp(143,1): error C2027: use of undefined type 'http_server::Engine' [C:\Users\jason\playground\lite3_service\build\l3svc.vcxproj]
C:\Users\jason\playground\lite3_service\src\http\http_server.hpp(16): message : see declaration of 'http_server::Engine' [C:\Users\jason\playground\lite3_service\build\l3svc.vcxproj]
C:\Users\jason\playground\lite3_service\src\http\http_server.cpp(168,1): error C2027: use of undefined type 'http_server::Engine' [C:\Users\jason\playground\lite3_service\build\l3svc.vcxproj]
C:\Users\jason\playground\lite3_service\src\http\http_server.hpp(16): message : see declaration of 'http_server::Engine' [C:\Users\jason\playground\lite3_service\build\l3svc.vcxproj]
C:\Users\jason\playground\lite3_service\src\http\http_server.cpp(187,1): error C2027: use of undefined type 'http_server::Engine' [C:\Users\jason\playground\lite3_service\build\l3svc.vcxproj]
C:\Users\jason\playground\lite3_service\src\http\http_server.hpp(16): message : see declaration of 'http_server::Engine' [C:\Users\jason\playground\lite3_service\build\l3svc.vcxproj]
C:\Users\jason\playground\lite3_service\src\http\http_server.cpp(197,1): error C2027: use of undefined type 'http_server::Engine' [C:\Users\jason\playground\lite3_service\build\l3svc.vcxproj]
C:\Users\jason\playground\lite3_service\src\http\http_server.hpp(16): message : see declaration of 'http_server::Engine' [C:\Users\jason\playground\lite3_service\build\l3svc.vcxproj]
C:\Users\jason\playground\lite3_service\src\http\http_server.cpp(250,22): error C2065: 'SIGINT': undeclared identifier [C:\Users\jason\playground\lite3_service\build\l3svc.vcxproj]
C:\Users\jason\playground\lite3_service\src\http\http_server.cpp(250,30): error C2065: 'SIGTERM': undeclared identifier [C:\Users\jason\playground\lite3_service\build\l3svc.vcxproj]
C:\Users\jason\playground\lite3_service\src\http\http_server.cpp(250,7): error C2614: 'http_server::http_server': illegal member initialization: 'signals_' is not a base or member [C:\Users\jason\playground\lite3_service\build\l3svc.vcxproj]
C:\Users\jason\playground\lite3_service\src\http\http_server.cpp(252,3): error C2065: 'signals_': undeclared identifier [C:\Users\jason\playground\lite3_service\build\l3svc.vcxproj]
  Generating Code...
Done Building Project "C:\Users\jason\playground\lite3_service\build\l3svc.vcxproj" (default targets) -- FAILED.
Project "C:\Users\jason\playground\lite3_service\build\ALL_BUILD.vcxproj" (1) is building "C:\Users\jason\playground\lib\lite3-cpp\build\lite3-cpp_benchmark.vcxproj" (10) on node 1 (default targets).
C:\Program Files (x86)\Microsoft Visual Studio\2019\BuildTools\MSBuild\Microsoft\VC\v160\Microsoft.CppBuild.targets(513,5): warning MSB8028: The intermediate directory (lite3-cpp_benchmark.dir\Release\) contains files shared from another project (lite3-cpp_benchmark.vcxproj).  This can lead to incorrect clean and rebuild behavior. [C:\Users\jason\playground\lib\lite3-cpp\build\lite3-cpp_benchmark.vcxproj]
InitializeBuildStatus:
  Creating "lite3-cpp_benchmark.dir\Release\lite3-cp.03B2C062.tlog\unsuccessfulbuild" because "AlwaysCreate" was specified.
CustomBuild:
  All outputs are up-to-date.
ClCompile:
  All outputs are up-to-date.
Link:
  All outputs are up-to-date.
  lite3-cpp_benchmark.vcxproj -> C:\Users\jason\playground\lib\lite3-cpp\build\Release\lite3-cpp_benchmark.exe
FinalizeBuildStatus:
  Deleting file "lite3-cpp_benchmark.dir\Release\lite3-cp.03B2C062.tlog\unsuccessfulbuild".
  Touching "lite3-cpp_benchmark.dir\Release\lite3-cp.03B2C062.tlog\lite3-cpp_benchmark.lastbuildstate".
Done Building Project "C:\Users\jason\playground\lib\lite3-cpp\build\lite3-cpp_benchmark.vcxproj" (default targets).
Project "C:\Users\jason\playground\lite3_service\build\ALL_BUILD.vcxproj" (1) is building "C:\Users\jason\playground\lib\lite3-cpp\build\observability_example.vcxproj" (11) on node 1 (default targets).
C:\Program Files (x86)\Microsoft Visual Studio\2019\BuildTools\MSBuild\Microsoft\VC\v160\Microsoft.CppBuild.targets(513,5): warning MSB8028: The intermediate directory (observability_example.dir\Release\) contains files shared from another project (observability_example.vcxproj).  This can lead to incorrect clean and rebuild behavior. [C:\Users\jason\playground\lib\lite3-cpp\build\observability_example.vcxproj]
InitializeBuildStatus:
  Creating "observability_example.dir\Release\observab.3210B5CB.tlog\unsuccessfulbuild" because "AlwaysCreate" was specified.
CustomBuild:
  All outputs are up-to-date.
ClCompile:
  All outputs are up-to-date.
Link:
  All outputs are up-to-date.
  observability_example.vcxproj -> C:\Users\jason\playground\lib\lite3-cpp\build\Release\observability_example.exe
FinalizeBuildStatus:
  Deleting file "observability_example.dir\Release\observab.3210B5CB.tlog\unsuccessfulbuild".
  Touching "observability_example.dir\Release\observab.3210B5CB.tlog\observability_example.lastbuildstate".
Done Building Project "C:\Users\jason\playground\lib\lite3-cpp\build\observability_example.vcxproj" (default targets).
Done Building Project "C:\Users\jason\playground\lite3_service\build\ALL_BUILD.vcxproj" (default targets) -- FAILED.

Build FAILED.

"C:\Users\jason\playground\lite3_service\build\ALL_BUILD.vcxproj" (default target) (1) ->
"C:\Users\jason\playground\lib\lite3-cpp\build\lite3-cpp_benchmark.vcxproj" (default target) (10) ->
(PrepareForBuild target) -> 
  C:\Program Files (x86)\Microsoft Visual Studio\2019\BuildTools\MSBuild\Microsoft\VC\v160\Microsoft.CppBuild.targets(513,5): warning MSB8028: The intermediate directory (lite3-cpp_benchmark.dir\Release\) contains files shared from another project (lite3-cpp_benchmark.vcxproj).  This can lead to incorrect clean and rebuild behavior. [C:\Users\jason\playground\lib\lite3-cpp\build\lite3-cpp_benchmark.vcxproj]


"C:\Users\jason\playground\lite3_service\build\ALL_BUILD.vcxproj" (default target) (1) ->
"C:\Users\jason\playground\lib\lite3-cpp\build\observability_example.vcxproj" (default target) (11) ->
  C:\Program Files (x86)\Microsoft Visual Studio\2019\BuildTools\MSBuild\Microsoft\VC\v160\Microsoft.CppBuild.targets(513,5): warning MSB8028: The intermediate directory (observability_example.dir\Release\) contains files shared from another project (observability_example.vcxproj).  This can lead to incorrect clean and rebuild behavior. [C:\Users\jason\playground\lib\lite3-cpp\build\observability_example.vcxproj]


"C:\Users\jason\playground\lite3_service\build\ALL_BUILD.vcxproj" (default target) (1) ->
"C:\Users\jason\playground\lite3_service\build\l3svc.vcxproj" (default target) (8) ->
(ClCompile target) -> 
  C:\Users\jason\playground\lite3_service\..\lib\boost_1_89_0\boost/asio/detail/socket_types.hpp(24,1): fatal error C1189: #error:  WinSock.h has already been included [C:\Users\jason\playground\lite3_service\build\l3svc.vcxproj]
  C:\Users\jason\playground\lite3_service\src\http\http_server.hpp(31,8): error C2039: 'signal_set': is not a member of 'boost::asio' [C:\Users\jason\playground\lite3_service\build\l3svc.vcxproj]
  C:\Users\jason\playground\lite3_service\src\http\http_server.hpp(31,19): error C3646: 'signals_': unknown override specifier [C:\Users\jason\playground\lite3_service\build\l3svc.vcxproj]
  C:\Users\jason\playground\lite3_service\src\http\http_server.hpp(31,27): error C4430: missing type specifier - int assumed. Note: C++ does not support default-int [C:\Users\jason\playground\lite3_service\build\l3svc.vcxproj]
  C:\Users\jason\playground\lite3_service\src\http\http_server.cpp(123,1): error C2027: use of undefined type 'http_server::Engine' [C:\Users\jason\playground\lite3_service\build\l3svc.vcxproj]
  C:\Users\jason\playground\lite3_service\src\http\http_server.cpp(126,1): error C3536: 'wal_stats': cannot be used before it is initialized [C:\Users\jason\playground\lite3_service\build\l3svc.vcxproj]
  C:\Users\jason\playground\lite3_service\src\http\http_server.cpp(143,1): error C2027: use of undefined type 'http_server::Engine' [C:\Users\jason\playground\lite3_service\build\l3svc.vcxproj]
  C:\Users\jason\playground\lite3_service\src\http\http_server.cpp(168,1): error C2027: use of undefined type 'http_server::Engine' [C:\Users\jason\playground\lite3_service\build\l3svc.vcxproj]
  C:\Users\jason\playground\lite3_service\src\http\http_server.cpp(187,1): error C2027: use of undefined type 'http_server::Engine' [C:\Users\jason\playground\lite3_service\build\l3svc.vcxproj]
  C:\Users\jason\playground\lite3_service\src\http\http_server.cpp(197,1): error C2027: use of undefined type 'http_server::Engine' [C:\Users\jason\playground\lite3_service\build\l3svc.vcxproj]
  C:\Users\jason\playground\lite3_service\src\http\http_server.cpp(250,22): error C2065: 'SIGINT': undeclared identifier [C:\Users\jason\playground\lite3_service\build\l3svc.vcxproj]
  C:\Users\jason\playground\lite3_service\src\http\http_server.cpp(250,30): error C2065: 'SIGTERM': undeclared identifier [C:\Users\jason\playground\lite3_service\build\l3svc.vcxproj]
  C:\Users\jason\playground\lite3_service\src\http\http_server.cpp(250,7): error C2614: 'http_server::http_server': illegal member initialization: 'signals_' is not a base or member [C:\Users\jason\playground\lite3_service\build\l3svc.vcxproj]
  C:\Users\jason\playground\lite3_service\src\http\http_server.cpp(252,3): error C2065: 'signals_': undeclared identifier [C:\Users\jason\playground\lite3_service\build\l3svc.vcxproj]

    2 Warning(s)
    14 Error(s)

Time Elapsed 00:00:06.00

